20-Feb-2025 22:00:07.534 INFO [main] org.apache.catalina.startup.VersionLoggerListener.log Server version name:   Apache Tomcat/10.1.36
20-Feb-2025 22:00:07.633 INFO [main] org.apache.catalina.startup.VersionLoggerListener.log Server built:          Feb 13 2025 13:13:30 UTC
20-Feb-2025 22:00:07.635 INFO [main] org.apache.catalina.startup.VersionLoggerListener.log Server version number: 10.1.36.0
20-Feb-2025 22:00:07.635 INFO [main] org.apache.catalina.startup.VersionLoggerListener.log OS Name:               Windows 11
20-Feb-2025 22:00:07.635 INFO [main] org.apache.catalina.startup.VersionLoggerListener.log OS Version:            10.0
20-Feb-2025 22:00:07.635 INFO [main] org.apache.catalina.startup.VersionLoggerListener.log Architecture:          amd64
20-Feb-2025 22:00:07.635 INFO [main] org.apache.catalina.startup.VersionLoggerListener.log Java Home:             C:\Program Files\Java\jdk-18.0.2.1
20-Feb-2025 22:00:07.635 INFO [main] org.apache.catalina.startup.VersionLoggerListener.log JVM Version:           18.0.2.1+1-1
20-Feb-2025 22:00:07.635 INFO [main] org.apache.catalina.startup.VersionLoggerListener.log JVM Vendor:            Oracle Corporation
20-Feb-2025 22:00:07.640 INFO [main] org.apache.catalina.startup.VersionLoggerListener.log CATALINA_BASE:         C:\Users\ASUS\OneDrive\Desktop\Java-Basics\servlet\servlet
20-Feb-2025 22:00:07.640 INFO [main] org.apache.catalina.startup.VersionLoggerListener.log CATALINA_HOME:         C:\Users\ASUS\apache-tomcat-10.1.36-windows-x64\apache-tomcat-10.1.36
20-Feb-2025 22:00:07.665 INFO [main] org.apache.catalina.startup.VersionLoggerListener.log Command line argument: --add-opens=java.base/java.lang=ALL-UNNAMED
20-Feb-2025 22:00:07.666 INFO [main] org.apache.catalina.startup.VersionLoggerListener.log Command line argument: --add-opens=java.base/java.io=ALL-UNNAMED
20-Feb-2025 22:00:07.667 INFO [main] org.apache.catalina.startup.VersionLoggerListener.log Command line argument: --add-opens=java.base/java.util=ALL-UNNAMED
20-Feb-2025 22:00:07.668 INFO [main] org.apache.catalina.startup.VersionLoggerListener.log Command line argument: --add-opens=java.base/java.util.concurrent=ALL-UNNAMED
20-Feb-2025 22:00:07.668 INFO [main] org.apache.catalina.startup.VersionLoggerListener.log Command line argument: --add-opens=java.rmi/sun.rmi.transport=ALL-UNNAMED
20-Feb-2025 22:00:07.669 INFO [main] org.apache.catalina.startup.VersionLoggerListener.log Command line argument: -DENV=DEV
20-Feb-2025 22:00:07.669 INFO [main] org.apache.catalina.startup.VersionLoggerListener.log Command line argument: -Dcatalina.home=C:\Users\ASUS\apache-tomcat-10.1.36-windows-x64\apache-tomcat-10.1.36
20-Feb-2025 22:00:07.669 INFO [main] org.apache.catalina.startup.VersionLoggerListener.log Command line argument: -Dcatalina.base=C:\Users\ASUS\OneDrive\Desktop\Java-Basics\servlet\servlet
20-Feb-2025 22:00:07.669 INFO [main] org.apache.catalina.startup.VersionLoggerListener.log Command line argument: -Djava.io.tmpdir=C:\Users\ASUS\OneDrive\Desktop\Java-Basics\servlet\servlet\temp
20-Feb-2025 22:00:07.669 INFO [main] org.apache.catalina.startup.VersionLoggerListener.log Command line argument: -Djava.util.logging.config.file=C:\Users\ASUS\OneDrive\Desktop\Java-Basics\servlet\servlet\conf\logging.properties
20-Feb-2025 22:00:07.669 INFO [main] org.apache.catalina.startup.VersionLoggerListener.log Command line argument: -Djava.util.logging.manager=org.apache.juli.ClassLoaderLogManager
20-Feb-2025 22:00:07.670 INFO [main] org.apache.catalina.startup.VersionLoggerListener.log Command line argument: -javaagent:C:\Program Files\JetBrains\IntelliJ IDEA Community Edition 2024.3.2.1\lib\idea_rt.jar=62176:C:\Program Files\JetBrains\IntelliJ IDEA Community Edition 2024.3.2.1\bin
20-Feb-2025 22:00:07.670 INFO [main] org.apache.catalina.startup.VersionLoggerListener.log Command line argument: -Dfile.encoding=UTF-8
20-Feb-2025 22:00:07.670 INFO [main] org.apache.catalina.startup.VersionLoggerListener.log Command line argument: -Dsun.stdout.encoding=UTF-8
20-Feb-2025 22:00:07.672 INFO [main] org.apache.catalina.startup.VersionLoggerListener.log Command line argument: -Dsun.stderr.encoding=UTF-8
20-Feb-2025 22:00:07.719 INFO [main] org.apache.catalina.core.AprLifecycleListener.lifecycleEvent Loaded Apache Tomcat Native library [2.0.8] using APR version [1.7.4].
20-Feb-2025 22:00:07.771 INFO [main] org.apache.catalina.core.AprLifecycleListener.initializeSSL OpenSSL successfully initialized [OpenSSL 3.0.14 4 Jun 2024]
20-Feb-2025 22:00:08.486 INFO [main] org.apache.coyote.AbstractProtocol.init Initializing ProtocolHandler ["http-nio-8080"]
20-Feb-2025 22:00:08.517 INFO [main] org.apache.catalina.startup.Catalina.load Server initialization in [1606] milliseconds
20-Feb-2025 22:00:08.617 INFO [main] org.apache.catalina.core.StandardService.startInternal Starting service [Catalina]
20-Feb-2025 22:00:08.617 INFO [main] org.apache.catalina.core.StandardEngine.startInternal Starting Servlet engine: [Apache Tomcat/10.1.36]
20-Feb-2025 22:00:08.654 INFO [main] org.apache.catalina.startup.HostConfig.deployDescriptor Deploying deployment descriptor [C:\Users\ASUS\OneDrive\Desktop\Java-Basics\servlet\servlet\conf\Catalina\localhost\ROOT.xml]
20-Feb-2025 22:00:08.755 WARNING [main] org.apache.catalina.startup.HostConfig.deployDescriptor A docBase [C:\Users\ASUS\OneDrive\Desktop\Java-Basics\servlet\servlet\webapps\target\HelloServlet.war] inside the host appBase has been specified, and will be ignored
20-Feb-2025 22:00:08.966 SEVERE [main] org.apache.catalina.startup.HostConfig.deployDescriptor Error deploying deployment descriptor [C:\Users\ASUS\OneDrive\Desktop\Java-Basics\servlet\servlet\conf\Catalina\localhost\ROOT.xml]
	java.lang.IllegalStateException: Error starting child
		at org.apache.catalina.core.ContainerBase.addChildInternal(ContainerBase.java:602)
		at org.apache.catalina.core.ContainerBase.addChild(ContainerBase.java:571)
		at org.apache.catalina.core.StandardHost.addChild(StandardHost.java:654)
		at org.apache.catalina.startup.HostConfig.deployDescriptor(HostConfig.java:635)
		at org.apache.catalina.startup.HostConfig$DeployDescriptor.run(HostConfig.java:1889)
		at java.base/java.util.concurrent.Executors$RunnableAdapter.call(Executors.java:539)
		at java.base/java.util.concurrent.FutureTask.run(FutureTask.java:264)
		at org.apache.tomcat.util.threads.InlineExecutorService.execute(InlineExecutorService.java:75)
		at java.base/java.util.concurrent.AbstractExecutorService.submit(AbstractExecutorService.java:123)
		at org.apache.catalina.startup.HostConfig.deployDescriptors(HostConfig.java:530)
		at org.apache.catalina.startup.HostConfig.deployApps(HostConfig.java:421)
		at org.apache.catalina.startup.HostConfig.start(HostConfig.java:1629)
		at org.apache.catalina.startup.HostConfig.lifecycleEvent(HostConfig.java:303)
		at org.apache.catalina.util.LifecycleBase.fireLifecycleEvent(LifecycleBase.java:109)
		at org.apache.catalina.util.LifecycleBase.setStateInternal(LifecycleBase.java:389)
		at org.apache.catalina.util.LifecycleBase.setState(LifecycleBase.java:336)
		at org.apache.catalina.core.ContainerBase.startInternal(ContainerBase.java:776)
		at org.apache.catalina.core.StandardHost.startInternal(StandardHost.java:772)
		at org.apache.catalina.util.LifecycleBase.start(LifecycleBase.java:164)
		at org.apache.catalina.core.ContainerBase$StartChild.call(ContainerBase.java:1203)
		at org.apache.catalina.core.ContainerBase$StartChild.call(ContainerBase.java:1193)
		at java.base/java.util.concurrent.FutureTask.run(FutureTask.java:264)
		at org.apache.tomcat.util.threads.InlineExecutorService.execute(InlineExecutorService.java:75)
		at java.base/java.util.concurrent.AbstractExecutorService.submit(AbstractExecutorService.java:145)
		at org.apache.catalina.core.ContainerBase.startInternal(ContainerBase.java:749)
		at org.apache.catalina.core.StandardEngine.startInternal(StandardEngine.java:203)
		at org.apache.catalina.util.LifecycleBase.start(LifecycleBase.java:164)
		at org.apache.catalina.core.StandardService.startInternal(StandardService.java:415)
		at org.apache.catalina.util.LifecycleBase.start(LifecycleBase.java:164)
		at org.apache.catalina.core.StandardServer.startInternal(StandardServer.java:870)
		at org.apache.catalina.util.LifecycleBase.start(LifecycleBase.java:164)
		at org.apache.catalina.startup.Catalina.start(Catalina.java:761)
		at java.base/jdk.internal.reflect.DirectMethodHandleAccessor.invoke(DirectMethodHandleAccessor.java:104)
		at java.base/java.lang.reflect.Method.invoke(Method.java:577)
		at org.apache.catalina.startup.Bootstrap.start(Bootstrap.java:345)
		at org.apache.catalina.startup.Bootstrap.main(Bootstrap.java:473)
	Caused by: org.apache.catalina.LifecycleException: Failed to start component [org.apache.catalina.webresources.StandardRoot@3576ddc2]
		at org.apache.catalina.util.LifecycleBase.handleSubClassException(LifecycleBase.java:406)
		at org.apache.catalina.util.LifecycleBase.start(LifecycleBase.java:179)
		at org.apache.catalina.core.StandardContext.resourcesStart(StandardContext.java:4162)
		at org.apache.catalina.core.StandardContext.startInternal(StandardContext.java:4284)
		at org.apache.catalina.util.LifecycleBase.start(LifecycleBase.java:164)
		at org.apache.catalina.core.ContainerBase.addChildInternal(ContainerBase.java:599)
		... 35 more
	Caused by: java.lang.IllegalArgumentException: The main resource set specified [C:\Users\ASUS\OneDrive\Desktop\Java-Basics\servlet\servlet\webapps\ROOT] is not a directory or war file, or is not readable (it does not exist or permissions to access it are missing)
		at org.apache.catalina.webresources.StandardRoot.createMainResourceSet(StandardRoot.java:761)
		at org.apache.catalina.webresources.StandardRoot.startInternal(StandardRoot.java:718)
		at org.apache.catalina.util.LifecycleBase.start(LifecycleBase.java:164)
		... 39 more
20-Feb-2025 22:00:08.982 INFO [main] org.apache.catalina.startup.HostConfig.deployDescriptor Deployment of deployment descriptor [C:\Users\ASUS\OneDrive\Desktop\Java-Basics\servlet\servlet\conf\Catalina\localhost\ROOT.xml] has finished in [327] ms
20-Feb-2025 22:00:09.019 INFO [main] org.apache.coyote.AbstractProtocol.start Starting ProtocolHandler ["http-nio-8080"]
20-Feb-2025 22:00:09.676 INFO [main] org.apache.catalina.startup.Catalina.start Server startup in [1155] milliseconds
20-Feb-2025 22:01:58.951 INFO [main] org.apache.catalina.startup.VersionLoggerListener.log Server version name:   Apache Tomcat/10.1.36
20-Feb-2025 22:01:58.960 INFO [main] org.apache.catalina.startup.VersionLoggerListener.log Server built:          Feb 13 2025 13:13:30 UTC
20-Feb-2025 22:01:58.960 INFO [main] org.apache.catalina.startup.VersionLoggerListener.log Server version number: 10.1.36.0
20-Feb-2025 22:01:58.961 INFO [main] org.apache.catalina.startup.VersionLoggerListener.log OS Name:               Windows 11
20-Feb-2025 22:01:58.961 INFO [main] org.apache.catalina.startup.VersionLoggerListener.log OS Version:            10.0
20-Feb-2025 22:01:58.961 INFO [main] org.apache.catalina.startup.VersionLoggerListener.log Architecture:          amd64
20-Feb-2025 22:01:58.961 INFO [main] org.apache.catalina.startup.VersionLoggerListener.log Java Home:             C:\Program Files\Java\jdk-18.0.2.1
20-Feb-2025 22:01:58.961 INFO [main] org.apache.catalina.startup.VersionLoggerListener.log JVM Version:           18.0.2.1+1-1
20-Feb-2025 22:01:58.962 INFO [main] org.apache.catalina.startup.VersionLoggerListener.log JVM Vendor:            Oracle Corporation
20-Feb-2025 22:01:58.962 INFO [main] org.apache.catalina.startup.VersionLoggerListener.log CATALINA_BASE:         C:\Users\ASUS\OneDrive\Desktop\Java-Basics\servlet\servlet
20-Feb-2025 22:01:58.962 INFO [main] org.apache.catalina.startup.VersionLoggerListener.log CATALINA_HOME:         C:\Users\ASUS\apache-tomcat-10.1.36-windows-x64\apache-tomcat-10.1.36
20-Feb-2025 22:01:58.981 INFO [main] org.apache.catalina.startup.VersionLoggerListener.log Command line argument: --add-opens=java.base/java.lang=ALL-UNNAMED
20-Feb-2025 22:01:58.981 INFO [main] org.apache.catalina.startup.VersionLoggerListener.log Command line argument: --add-opens=java.base/java.io=ALL-UNNAMED
20-Feb-2025 22:01:58.982 INFO [main] org.apache.catalina.startup.VersionLoggerListener.log Command line argument: --add-opens=java.base/java.util=ALL-UNNAMED
20-Feb-2025 22:01:58.982 INFO [main] org.apache.catalina.startup.VersionLoggerListener.log Command line argument: --add-opens=java.base/java.util.concurrent=ALL-UNNAMED
20-Feb-2025 22:01:58.982 INFO [main] org.apache.catalina.startup.VersionLoggerListener.log Command line argument: --add-opens=java.rmi/sun.rmi.transport=ALL-UNNAMED
20-Feb-2025 22:01:58.982 INFO [main] org.apache.catalina.startup.VersionLoggerListener.log Command line argument: -DENV=DEV
20-Feb-2025 22:01:58.982 INFO [main] org.apache.catalina.startup.VersionLoggerListener.log Command line argument: -Dcatalina.home=C:\Users\ASUS\apache-tomcat-10.1.36-windows-x64\apache-tomcat-10.1.36
20-Feb-2025 22:01:58.982 INFO [main] org.apache.catalina.startup.VersionLoggerListener.log Command line argument: -Dcatalina.base=C:\Users\ASUS\OneDrive\Desktop\Java-Basics\servlet\servlet
20-Feb-2025 22:01:58.982 INFO [main] org.apache.catalina.startup.VersionLoggerListener.log Command line argument: -Djava.io.tmpdir=C:\Users\ASUS\OneDrive\Desktop\Java-Basics\servlet\servlet\temp
20-Feb-2025 22:01:58.982 INFO [main] org.apache.catalina.startup.VersionLoggerListener.log Command line argument: -Djava.util.logging.config.file=C:\Users\ASUS\OneDrive\Desktop\Java-Basics\servlet\servlet\conf\logging.properties
20-Feb-2025 22:01:58.982 INFO [main] org.apache.catalina.startup.VersionLoggerListener.log Command line argument: -Djava.util.logging.manager=org.apache.juli.ClassLoaderLogManager
20-Feb-2025 22:01:58.982 INFO [main] org.apache.catalina.startup.VersionLoggerListener.log Command line argument: -javaagent:C:\Program Files\JetBrains\IntelliJ IDEA Community Edition 2024.3.2.1\lib\idea_rt.jar=62593:C:\Program Files\JetBrains\IntelliJ IDEA Community Edition 2024.3.2.1\bin
20-Feb-2025 22:01:58.984 INFO [main] org.apache.catalina.startup.VersionLoggerListener.log Command line argument: -Dfile.encoding=UTF-8
20-Feb-2025 22:01:58.984 INFO [main] org.apache.catalina.startup.VersionLoggerListener.log Command line argument: -Dsun.stdout.encoding=UTF-8
20-Feb-2025 22:01:58.984 INFO [main] org.apache.catalina.startup.VersionLoggerListener.log Command line argument: -Dsun.stderr.encoding=UTF-8
20-Feb-2025 22:01:58.990 INFO [main] org.apache.catalina.core.AprLifecycleListener.lifecycleEvent Loaded Apache Tomcat Native library [2.0.8] using APR version [1.7.4].
20-Feb-2025 22:01:59.019 INFO [main] org.apache.catalina.core.AprLifecycleListener.initializeSSL OpenSSL successfully initialized [OpenSSL 3.0.14 4 Jun 2024]
20-Feb-2025 22:01:59.819 INFO [main] org.apache.coyote.AbstractProtocol.init Initializing ProtocolHandler ["http-nio-8080"]
20-Feb-2025 22:01:59.855 SEVERE [main] org.apache.catalina.util.LifecycleBase.handleSubClassException Failed to initialize component [Connector["http-nio-8080"]]
	org.apache.catalina.LifecycleException: Protocol handler initialization failed
		at org.apache.catalina.connector.Connector.initInternal(Connector.java:1051)
		at org.apache.catalina.util.LifecycleBase.init(LifecycleBase.java:122)
		at org.apache.catalina.core.StandardService.initInternal(StandardService.java:525)
		at org.apache.catalina.util.LifecycleBase.init(LifecycleBase.java:122)
		at org.apache.catalina.core.StandardServer.initInternal(StandardServer.java:957)
		at org.apache.catalina.util.LifecycleBase.init(LifecycleBase.java:122)
		at org.apache.catalina.startup.Catalina.load(Catalina.java:712)
		at org.apache.catalina.startup.Catalina.load(Catalina.java:735)
		at java.base/jdk.internal.reflect.DirectMethodHandleAccessor.invoke(DirectMethodHandleAccessor.java:104)
		at java.base/java.lang.reflect.Method.invoke(Method.java:577)
		at org.apache.catalina.startup.Bootstrap.load(Bootstrap.java:302)
		at org.apache.catalina.startup.Bootstrap.main(Bootstrap.java:472)
	Caused by: java.net.BindException: Address already in use: bind
		at java.base/sun.nio.ch.Net.bind0(Native Method)
		at java.base/sun.nio.ch.Net.bind(Net.java:555)
		at java.base/sun.nio.ch.ServerSocketChannelImpl.netBind(ServerSocketChannelImpl.java:337)
		at java.base/sun.nio.ch.ServerSocketChannelImpl.bind(ServerSocketChannelImpl.java:294)
		at org.apache.tomcat.util.net.NioEndpoint.initServerSocket(NioEndpoint.java:239)
		at org.apache.tomcat.util.net.NioEndpoint.bind(NioEndpoint.java:194)
		at org.apache.tomcat.util.net.AbstractEndpoint.bindWithCleanup(AbstractEndpoint.java:1304)
		at org.apache.tomcat.util.net.AbstractEndpoint.init(AbstractEndpoint.java:1317)
		at org.apache.coyote.AbstractProtocol.init(AbstractProtocol.java:633)
		at org.apache.coyote.http11.AbstractHttp11Protocol.init(AbstractHttp11Protocol.java:82)
		at org.apache.catalina.connector.Connector.initInternal(Connector.java:1049)
		... 11 more
20-Feb-2025 22:01:59.857 INFO [main] org.apache.catalina.startup.Catalina.load Server initialization in [1282] milliseconds
20-Feb-2025 22:01:59.965 INFO [main] org.apache.catalina.core.StandardService.startInternal Starting service [Catalina]
20-Feb-2025 22:01:59.966 INFO [main] org.apache.catalina.core.StandardEngine.startInternal Starting Servlet engine: [Apache Tomcat/10.1.36]
20-Feb-2025 22:01:59.993 INFO [main] org.apache.catalina.startup.HostConfig.deployDescriptor Deploying deployment descriptor [C:\Users\ASUS\OneDrive\Desktop\Java-Basics\servlet\servlet\conf\Catalina\localhost\ROOT.xml]
20-Feb-2025 22:02:00.232 WARNING [main] org.apache.catalina.startup.HostConfig.deployDescriptor A docBase [C:\Users\ASUS\OneDrive\Desktop\Java-Basics\servlet\servlet\webapps\target\HelloServlet.war] inside the host appBase has been specified, and will be ignored
20-Feb-2025 22:02:00.537 SEVERE [main] org.apache.catalina.startup.HostConfig.deployDescriptor Error deploying deployment descriptor [C:\Users\ASUS\OneDrive\Desktop\Java-Basics\servlet\servlet\conf\Catalina\localhost\ROOT.xml]
	java.lang.IllegalStateException: Error starting child
		at org.apache.catalina.core.ContainerBase.addChildInternal(ContainerBase.java:602)
		at org.apache.catalina.core.ContainerBase.addChild(ContainerBase.java:571)
		at org.apache.catalina.core.StandardHost.addChild(StandardHost.java:654)
		at org.apache.catalina.startup.HostConfig.deployDescriptor(HostConfig.java:635)
		at org.apache.catalina.startup.HostConfig$DeployDescriptor.run(HostConfig.java:1889)
		at java.base/java.util.concurrent.Executors$RunnableAdapter.call(Executors.java:539)
		at java.base/java.util.concurrent.FutureTask.run(FutureTask.java:264)
		at org.apache.tomcat.util.threads.InlineExecutorService.execute(InlineExecutorService.java:75)
		at java.base/java.util.concurrent.AbstractExecutorService.submit(AbstractExecutorService.java:123)
		at org.apache.catalina.startup.HostConfig.deployDescriptors(HostConfig.java:530)
		at org.apache.catalina.startup.HostConfig.deployApps(HostConfig.java:421)
		at org.apache.catalina.startup.HostConfig.start(HostConfig.java:1629)
		at org.apache.catalina.startup.HostConfig.lifecycleEvent(HostConfig.java:303)
		at org.apache.catalina.util.LifecycleBase.fireLifecycleEvent(LifecycleBase.java:109)
		at org.apache.catalina.util.LifecycleBase.setStateInternal(LifecycleBase.java:389)
		at org.apache.catalina.util.LifecycleBase.setState(LifecycleBase.java:336)
		at org.apache.catalina.core.ContainerBase.startInternal(ContainerBase.java:776)
		at org.apache.catalina.core.StandardHost.startInternal(StandardHost.java:772)
		at org.apache.catalina.util.LifecycleBase.start(LifecycleBase.java:164)
		at org.apache.catalina.core.ContainerBase$StartChild.call(ContainerBase.java:1203)
		at org.apache.catalina.core.ContainerBase$StartChild.call(ContainerBase.java:1193)
		at java.base/java.util.concurrent.FutureTask.run(FutureTask.java:264)
		at org.apache.tomcat.util.threads.InlineExecutorService.execute(InlineExecutorService.java:75)
		at java.base/java.util.concurrent.AbstractExecutorService.submit(AbstractExecutorService.java:145)
		at org.apache.catalina.core.ContainerBase.startInternal(ContainerBase.java:749)
		at org.apache.catalina.core.StandardEngine.startInternal(StandardEngine.java:203)
		at org.apache.catalina.util.LifecycleBase.start(LifecycleBase.java:164)
		at org.apache.catalina.core.StandardService.startInternal(StandardService.java:415)
		at org.apache.catalina.util.LifecycleBase.start(LifecycleBase.java:164)
		at org.apache.catalina.core.StandardServer.startInternal(StandardServer.java:870)
		at org.apache.catalina.util.LifecycleBase.start(LifecycleBase.java:164)
		at org.apache.catalina.startup.Catalina.start(Catalina.java:761)
		at java.base/jdk.internal.reflect.DirectMethodHandleAccessor.invoke(DirectMethodHandleAccessor.java:104)
		at java.base/java.lang.reflect.Method.invoke(Method.java:577)
		at org.apache.catalina.startup.Bootstrap.start(Bootstrap.java:345)
		at org.apache.catalina.startup.Bootstrap.main(Bootstrap.java:473)
	Caused by: org.apache.catalina.LifecycleException: Failed to start component [org.apache.catalina.webresources.StandardRoot@2bdd8394]
		at org.apache.catalina.util.LifecycleBase.handleSubClassException(LifecycleBase.java:406)
		at org.apache.catalina.util.LifecycleBase.start(LifecycleBase.java:179)
		at org.apache.catalina.core.StandardContext.resourcesStart(StandardContext.java:4162)
		at org.apache.catalina.core.StandardContext.startInternal(StandardContext.java:4284)
		at org.apache.catalina.util.LifecycleBase.start(LifecycleBase.java:164)
		at org.apache.catalina.core.ContainerBase.addChildInternal(ContainerBase.java:599)
		... 35 more
	Caused by: java.lang.IllegalArgumentException: The main resource set specified [C:\Users\ASUS\OneDrive\Desktop\Java-Basics\servlet\servlet\webapps\ROOT] is not a directory or war file, or is not readable (it does not exist or permissions to access it are missing)
		at org.apache.catalina.webresources.StandardRoot.createMainResourceSet(StandardRoot.java:761)
		at org.apache.catalina.webresources.StandardRoot.startInternal(StandardRoot.java:718)
		at org.apache.catalina.util.LifecycleBase.start(LifecycleBase.java:164)
		... 39 more
20-Feb-2025 22:02:00.547 INFO [main] org.apache.catalina.startup.HostConfig.deployDescriptor Deployment of deployment descriptor [C:\Users\ASUS\OneDrive\Desktop\Java-Basics\servlet\servlet\conf\Catalina\localhost\ROOT.xml] has finished in [553] ms
20-Feb-2025 22:02:00.563 INFO [main] org.apache.catalina.startup.Catalina.start Server startup in [702] milliseconds
20-Feb-2025 22:02:00.586 SEVERE [main] org.apache.catalina.core.StandardServer.await Failed to create server shutdown socket on address [localhost] and port [8005] (base port [8005] and offset [0])
	java.net.BindException: Address already in use: bind
		at java.base/sun.nio.ch.Net.bind0(Native Method)
		at java.base/sun.nio.ch.Net.bind(Net.java:555)
		at java.base/sun.nio.ch.Net.bind(Net.java:544)
		at java.base/sun.nio.ch.NioSocketImpl.bind(NioSocketImpl.java:640)
		at java.base/java.net.ServerSocket.bind(ServerSocket.java:392)
		at java.base/java.net.ServerSocket.<init>(ServerSocket.java:274)
		at org.apache.catalina.core.StandardServer.await(StandardServer.java:533)
		at org.apache.catalina.startup.Catalina.await(Catalina.java:851)
		at org.apache.catalina.startup.Catalina.start(Catalina.java:799)
		at java.base/jdk.internal.reflect.DirectMethodHandleAccessor.invoke(DirectMethodHandleAccessor.java:104)
		at java.base/java.lang.reflect.Method.invoke(Method.java:577)
		at org.apache.catalina.startup.Bootstrap.start(Bootstrap.java:345)
		at org.apache.catalina.startup.Bootstrap.main(Bootstrap.java:473)
20-Feb-2025 22:02:00.588 INFO [main] org.apache.coyote.AbstractProtocol.pause Pausing ProtocolHandler ["http-nio-8080"]
20-Feb-2025 22:02:00.588 INFO [main] org.apache.catalina.core.StandardService.stopInternal Stopping service [Catalina]
20-Feb-2025 22:02:00.592 INFO [main] org.apache.coyote.AbstractProtocol.stop Stopping ProtocolHandler ["http-nio-8080"]
20-Feb-2025 22:02:00.594 INFO [main] org.apache.coyote.AbstractProtocol.destroy Destroying ProtocolHandler ["http-nio-8080"]
20-Feb-2025 22:02:00.589 INFO [Catalina-utility-1] org.apache.catalina.startup.HostConfig.undeploy Undeploying context []
20-Feb-2025 22:02:01.791 INFO [Catalina-utility-1] org.apache.catalina.startup.HostConfig.deployDescriptor Deploying deployment descriptor [C:\Users\ASUS\OneDrive\Desktop\Java-Basics\servlet\servlet\conf\Catalina\localhost\ROOT.xml]
20-Feb-2025 22:02:01.924 WARNING [Catalina-utility-1] org.apache.catalina.startup.HostConfig.deployDescriptor A docBase [C:\Users\ASUS\OneDrive\Desktop\Java-Basics\servlet\servlet\webapps\target\HelloServlet.war] inside the host appBase has been specified, and will be ignored
20-Feb-2025 22:02:02.148 SEVERE [Catalina-utility-1] org.apache.catalina.startup.HostConfig.deployDescriptor Error deploying deployment descriptor [C:\Users\ASUS\OneDrive\Desktop\Java-Basics\servlet\servlet\conf\Catalina\localhost\ROOT.xml]
	java.lang.IllegalStateException: Error starting child
		at org.apache.catalina.core.ContainerBase.addChildInternal(ContainerBase.java:602)
		at org.apache.catalina.core.ContainerBase.addChild(ContainerBase.java:571)
		at org.apache.catalina.core.StandardHost.addChild(StandardHost.java:654)
		at org.apache.catalina.startup.HostConfig.deployDescriptor(HostConfig.java:635)
		at org.apache.catalina.startup.HostConfig$DeployDescriptor.run(HostConfig.java:1889)
		at java.base/java.util.concurrent.Executors$RunnableAdapter.call(Executors.java:539)
		at java.base/java.util.concurrent.FutureTask.run(FutureTask.java:264)
		at org.apache.tomcat.util.threads.InlineExecutorService.execute(InlineExecutorService.java:75)
		at java.base/java.util.concurrent.AbstractExecutorService.submit(AbstractExecutorService.java:123)
		at org.apache.catalina.startup.HostConfig.deployDescriptors(HostConfig.java:530)
		at org.apache.catalina.startup.HostConfig.deployApps(HostConfig.java:421)
		at org.apache.catalina.startup.HostConfig.check(HostConfig.java:1678)
		at org.apache.catalina.startup.HostConfig.lifecycleEvent(HostConfig.java:299)
		at org.apache.catalina.util.LifecycleBase.fireLifecycleEvent(LifecycleBase.java:109)
		at org.apache.catalina.core.ContainerBase.backgroundProcess(ContainerBase.java:973)
		at org.apache.catalina.core.ContainerBase$ContainerBackgroundProcessor.processChildren(ContainerBase.java:1172)
		at org.apache.catalina.core.ContainerBase$ContainerBackgroundProcessor.processChildren(ContainerBase.java:1176)
		at org.apache.catalina.core.ContainerBase$ContainerBackgroundProcessor.run(ContainerBase.java:1154)
		at java.base/java.util.concurrent.Executors$RunnableAdapter.call(Executors.java:539)
		at java.base/java.util.concurrent.FutureTask.runAndReset(FutureTask.java:305)
		at java.base/java.util.concurrent.ScheduledThreadPoolExecutor$ScheduledFutureTask.run(ScheduledThreadPoolExecutor.java:305)
		at java.base/java.util.concurrent.ThreadPoolExecutor.runWorker(ThreadPoolExecutor.java:1136)
		at java.base/java.util.concurrent.ThreadPoolExecutor$Worker.run(ThreadPoolExecutor.java:635)
		at org.apache.tomcat.util.threads.TaskThread$WrappingRunnable.run(TaskThread.java:63)
		at java.base/java.lang.Thread.run(Thread.java:833)
	Caused by: org.apache.catalina.LifecycleException: Failed to start component [org.apache.catalina.webresources.StandardRoot@39d5e9a4]
		at org.apache.catalina.util.LifecycleBase.handleSubClassException(LifecycleBase.java:406)
		at org.apache.catalina.util.LifecycleBase.start(LifecycleBase.java:179)
		at org.apache.catalina.core.StandardContext.resourcesStart(StandardContext.java:4162)
		at org.apache.catalina.core.StandardContext.startInternal(StandardContext.java:4284)
		at org.apache.catalina.util.LifecycleBase.start(LifecycleBase.java:164)
		at org.apache.catalina.core.ContainerBase.addChildInternal(ContainerBase.java:599)
		... 24 more
	Caused by: java.lang.IllegalArgumentException: The main resource set specified [C:\Users\ASUS\OneDrive\Desktop\Java-Basics\servlet\servlet\webapps\ROOT] is not a directory or war file, or is not readable (it does not exist or permissions to access it are missing)
		at org.apache.catalina.webresources.StandardRoot.createMainResourceSet(StandardRoot.java:761)
		at org.apache.catalina.webresources.StandardRoot.startInternal(StandardRoot.java:718)
		at org.apache.catalina.util.LifecycleBase.start(LifecycleBase.java:164)
		... 28 more
20-Feb-2025 22:02:02.187 INFO [Catalina-utility-1] org.apache.catalina.startup.HostConfig.deployDescriptor Deployment of deployment descriptor [C:\Users\ASUS\OneDrive\Desktop\Java-Basics\servlet\servlet\conf\Catalina\localhost\ROOT.xml] has finished in [393] ms
20-Feb-2025 22:02:49.583 INFO [main] org.apache.catalina.startup.VersionLoggerListener.log Server version name:   Apache Tomcat/10.1.36
20-Feb-2025 22:02:49.592 INFO [main] org.apache.catalina.startup.VersionLoggerListener.log Server built:          Feb 13 2025 13:13:30 UTC
20-Feb-2025 22:02:49.592 INFO [main] org.apache.catalina.startup.VersionLoggerListener.log Server version number: 10.1.36.0
20-Feb-2025 22:02:49.592 INFO [main] org.apache.catalina.startup.VersionLoggerListener.log OS Name:               Windows 11
20-Feb-2025 22:02:49.593 INFO [main] org.apache.catalina.startup.VersionLoggerListener.log OS Version:            10.0
20-Feb-2025 22:02:49.593 INFO [main] org.apache.catalina.startup.VersionLoggerListener.log Architecture:          amd64
20-Feb-2025 22:02:49.593 INFO [main] org.apache.catalina.startup.VersionLoggerListener.log Java Home:             C:\Program Files\Java\jdk-18.0.2.1
20-Feb-2025 22:02:49.593 INFO [main] org.apache.catalina.startup.VersionLoggerListener.log JVM Version:           18.0.2.1+1-1
20-Feb-2025 22:02:49.593 INFO [main] org.apache.catalina.startup.VersionLoggerListener.log JVM Vendor:            Oracle Corporation
20-Feb-2025 22:02:49.593 INFO [main] org.apache.catalina.startup.VersionLoggerListener.log CATALINA_BASE:         C:\Users\ASUS\OneDrive\Desktop\Java-Basics\servlet\servlet
20-Feb-2025 22:02:49.594 INFO [main] org.apache.catalina.startup.VersionLoggerListener.log CATALINA_HOME:         C:\Users\ASUS\apache-tomcat-10.1.36-windows-x64\apache-tomcat-10.1.36
20-Feb-2025 22:02:49.615 INFO [main] org.apache.catalina.startup.VersionLoggerListener.log Command line argument: --add-opens=java.base/java.lang=ALL-UNNAMED
20-Feb-2025 22:02:49.615 INFO [main] org.apache.catalina.startup.VersionLoggerListener.log Command line argument: --add-opens=java.base/java.io=ALL-UNNAMED
20-Feb-2025 22:02:49.616 INFO [main] org.apache.catalina.startup.VersionLoggerListener.log Command line argument: --add-opens=java.base/java.util=ALL-UNNAMED
20-Feb-2025 22:02:49.616 INFO [main] org.apache.catalina.startup.VersionLoggerListener.log Command line argument: --add-opens=java.base/java.util.concurrent=ALL-UNNAMED
20-Feb-2025 22:02:49.616 INFO [main] org.apache.catalina.startup.VersionLoggerListener.log Command line argument: --add-opens=java.rmi/sun.rmi.transport=ALL-UNNAMED
20-Feb-2025 22:02:49.616 INFO [main] org.apache.catalina.startup.VersionLoggerListener.log Command line argument: -DENV=DEV
20-Feb-2025 22:02:49.616 INFO [main] org.apache.catalina.startup.VersionLoggerListener.log Command line argument: -Dcatalina.home=C:\Users\ASUS\apache-tomcat-10.1.36-windows-x64\apache-tomcat-10.1.36
20-Feb-2025 22:02:49.616 INFO [main] org.apache.catalina.startup.VersionLoggerListener.log Command line argument: -Dcatalina.base=C:\Users\ASUS\OneDrive\Desktop\Java-Basics\servlet\servlet
20-Feb-2025 22:02:49.616 INFO [main] org.apache.catalina.startup.VersionLoggerListener.log Command line argument: -Djava.io.tmpdir=C:\Users\ASUS\OneDrive\Desktop\Java-Basics\servlet\servlet\temp
20-Feb-2025 22:02:49.616 INFO [main] org.apache.catalina.startup.VersionLoggerListener.log Command line argument: -Djava.util.logging.config.file=C:\Users\ASUS\OneDrive\Desktop\Java-Basics\servlet\servlet\conf\logging.properties
20-Feb-2025 22:02:49.616 INFO [main] org.apache.catalina.startup.VersionLoggerListener.log Command line argument: -Djava.util.logging.manager=org.apache.juli.ClassLoaderLogManager
20-Feb-2025 22:02:49.617 INFO [main] org.apache.catalina.startup.VersionLoggerListener.log Command line argument: -javaagent:C:\Program Files\JetBrains\IntelliJ IDEA Community Edition 2024.3.2.1\lib\idea_rt.jar=62741:C:\Program Files\JetBrains\IntelliJ IDEA Community Edition 2024.3.2.1\bin
20-Feb-2025 22:02:49.617 INFO [main] org.apache.catalina.startup.VersionLoggerListener.log Command line argument: -Dfile.encoding=UTF-8
20-Feb-2025 22:02:49.617 INFO [main] org.apache.catalina.startup.VersionLoggerListener.log Command line argument: -Dsun.stdout.encoding=UTF-8
20-Feb-2025 22:02:49.617 INFO [main] org.apache.catalina.startup.VersionLoggerListener.log Command line argument: -Dsun.stderr.encoding=UTF-8
20-Feb-2025 22:02:49.624 INFO [main] org.apache.catalina.core.AprLifecycleListener.lifecycleEvent Loaded Apache Tomcat Native library [2.0.8] using APR version [1.7.4].
20-Feb-2025 22:02:49.652 INFO [main] org.apache.catalina.core.AprLifecycleListener.initializeSSL OpenSSL successfully initialized [OpenSSL 3.0.14 4 Jun 2024]
20-Feb-2025 22:02:51.214 INFO [main] org.apache.coyote.AbstractProtocol.init Initializing ProtocolHandler ["http-nio-8080"]
20-Feb-2025 22:02:51.233 SEVERE [main] org.apache.catalina.util.LifecycleBase.handleSubClassException Failed to initialize component [Connector["http-nio-8080"]]
	org.apache.catalina.LifecycleException: Protocol handler initialization failed
		at org.apache.catalina.connector.Connector.initInternal(Connector.java:1051)
		at org.apache.catalina.util.LifecycleBase.init(LifecycleBase.java:122)
		at org.apache.catalina.core.StandardService.initInternal(StandardService.java:525)
		at org.apache.catalina.util.LifecycleBase.init(LifecycleBase.java:122)
		at org.apache.catalina.core.StandardServer.initInternal(StandardServer.java:957)
		at org.apache.catalina.util.LifecycleBase.init(LifecycleBase.java:122)
		at org.apache.catalina.startup.Catalina.load(Catalina.java:712)
		at org.apache.catalina.startup.Catalina.load(Catalina.java:735)
		at java.base/jdk.internal.reflect.DirectMethodHandleAccessor.invoke(DirectMethodHandleAccessor.java:104)
		at java.base/java.lang.reflect.Method.invoke(Method.java:577)
		at org.apache.catalina.startup.Bootstrap.load(Bootstrap.java:302)
		at org.apache.catalina.startup.Bootstrap.main(Bootstrap.java:472)
	Caused by: java.net.BindException: Address already in use: bind
		at java.base/sun.nio.ch.Net.bind0(Native Method)
		at java.base/sun.nio.ch.Net.bind(Net.java:555)
		at java.base/sun.nio.ch.ServerSocketChannelImpl.netBind(ServerSocketChannelImpl.java:337)
		at java.base/sun.nio.ch.ServerSocketChannelImpl.bind(ServerSocketChannelImpl.java:294)
		at org.apache.tomcat.util.net.NioEndpoint.initServerSocket(NioEndpoint.java:239)
		at org.apache.tomcat.util.net.NioEndpoint.bind(NioEndpoint.java:194)
		at org.apache.tomcat.util.net.AbstractEndpoint.bindWithCleanup(AbstractEndpoint.java:1304)
		at org.apache.tomcat.util.net.AbstractEndpoint.init(AbstractEndpoint.java:1317)
		at org.apache.coyote.AbstractProtocol.init(AbstractProtocol.java:633)
		at org.apache.coyote.http11.AbstractHttp11Protocol.init(AbstractHttp11Protocol.java:82)
		at org.apache.catalina.connector.Connector.initInternal(Connector.java:1049)
		... 11 more
20-Feb-2025 22:02:51.235 INFO [main] org.apache.catalina.startup.Catalina.load Server initialization in [2119] milliseconds
20-Feb-2025 22:02:51.339 INFO [main] org.apache.catalina.core.StandardService.startInternal Starting service [Catalina]
20-Feb-2025 22:02:51.339 INFO [main] org.apache.catalina.core.StandardEngine.startInternal Starting Servlet engine: [Apache Tomcat/10.1.36]
20-Feb-2025 22:02:51.361 INFO [main] org.apache.catalina.startup.HostConfig.deployDescriptor Deploying deployment descriptor [C:\Users\ASUS\OneDrive\Desktop\Java-Basics\servlet\servlet\conf\Catalina\localhost\ROOT.xml]
20-Feb-2025 22:02:52.373 INFO [main] org.apache.catalina.startup.HostConfig.deployDescriptor Deployment of deployment descriptor [C:\Users\ASUS\OneDrive\Desktop\Java-Basics\servlet\servlet\conf\Catalina\localhost\ROOT.xml] has finished in [1,011] ms
20-Feb-2025 22:02:52.389 INFO [main] org.apache.catalina.startup.Catalina.start Server startup in [1152] milliseconds
20-Feb-2025 22:02:52.405 SEVERE [main] org.apache.catalina.core.StandardServer.await Failed to create server shutdown socket on address [localhost] and port [8005] (base port [8005] and offset [0])
	java.net.BindException: Address already in use: bind
		at java.base/sun.nio.ch.Net.bind0(Native Method)
		at java.base/sun.nio.ch.Net.bind(Net.java:555)
		at java.base/sun.nio.ch.Net.bind(Net.java:544)
		at java.base/sun.nio.ch.NioSocketImpl.bind(NioSocketImpl.java:640)
		at java.base/java.net.ServerSocket.bind(ServerSocket.java:392)
		at java.base/java.net.ServerSocket.<init>(ServerSocket.java:274)
		at org.apache.catalina.core.StandardServer.await(StandardServer.java:533)
		at org.apache.catalina.startup.Catalina.await(Catalina.java:851)
		at org.apache.catalina.startup.Catalina.start(Catalina.java:799)
		at java.base/jdk.internal.reflect.DirectMethodHandleAccessor.invoke(DirectMethodHandleAccessor.java:104)
		at java.base/java.lang.reflect.Method.invoke(Method.java:577)
		at org.apache.catalina.startup.Bootstrap.start(Bootstrap.java:345)
		at org.apache.catalina.startup.Bootstrap.main(Bootstrap.java:473)
20-Feb-2025 22:02:52.406 INFO [main] org.apache.coyote.AbstractProtocol.pause Pausing ProtocolHandler ["http-nio-8080"]
20-Feb-2025 22:02:52.407 INFO [main] org.apache.catalina.core.StandardService.stopInternal Stopping service [Catalina]
20-Feb-2025 22:02:52.439 INFO [main] org.apache.coyote.AbstractProtocol.stop Stopping ProtocolHandler ["http-nio-8080"]
20-Feb-2025 22:02:52.440 INFO [main] org.apache.coyote.AbstractProtocol.destroy Destroying ProtocolHandler ["http-nio-8080"]
20-Feb-2025 22:02:52.427 INFO [main] org.apache.catalina.startup.VersionLoggerListener.log Server version name:   Apache Tomcat/10.1.36
20-Feb-2025 22:02:52.437 INFO [main] org.apache.catalina.startup.VersionLoggerListener.log Server built:          Feb 13 2025 13:13:30 UTC
20-Feb-2025 22:02:52.437 INFO [main] org.apache.catalina.startup.VersionLoggerListener.log Server version number: 10.1.36.0
20-Feb-2025 22:02:52.437 INFO [main] org.apache.catalina.startup.VersionLoggerListener.log OS Name:               Windows 11
20-Feb-2025 22:02:52.438 INFO [main] org.apache.catalina.startup.VersionLoggerListener.log OS Version:            10.0
20-Feb-2025 22:02:52.438 INFO [main] org.apache.catalina.startup.VersionLoggerListener.log Architecture:          amd64
20-Feb-2025 22:02:52.438 INFO [main] org.apache.catalina.startup.VersionLoggerListener.log Java Home:             C:\Program Files\Java\jdk-18.0.2.1
20-Feb-2025 22:02:52.438 INFO [main] org.apache.catalina.startup.VersionLoggerListener.log JVM Version:           18.0.2.1+1-1
20-Feb-2025 22:02:52.439 INFO [main] org.apache.catalina.startup.VersionLoggerListener.log JVM Vendor:            Oracle Corporation
20-Feb-2025 22:02:52.439 INFO [main] org.apache.catalina.startup.VersionLoggerListener.log CATALINA_BASE:         C:\Users\ASUS\OneDrive\Desktop\Java-Basics\servlet\servlet
20-Feb-2025 22:02:52.439 INFO [main] org.apache.catalina.startup.VersionLoggerListener.log CATALINA_HOME:         C:\Users\ASUS\apache-tomcat-10.1.36-windows-x64\apache-tomcat-10.1.36
20-Feb-2025 22:02:52.461 INFO [main] org.apache.catalina.startup.VersionLoggerListener.log Command line argument: --add-opens=java.base/java.lang=ALL-UNNAMED
20-Feb-2025 22:02:52.463 INFO [main] org.apache.catalina.startup.VersionLoggerListener.log Command line argument: --add-opens=java.base/java.io=ALL-UNNAMED
20-Feb-2025 22:02:52.464 INFO [main] org.apache.catalina.startup.VersionLoggerListener.log Command line argument: --add-opens=java.base/java.util=ALL-UNNAMED
20-Feb-2025 22:02:52.464 INFO [main] org.apache.catalina.startup.VersionLoggerListener.log Command line argument: --add-opens=java.base/java.util.concurrent=ALL-UNNAMED
20-Feb-2025 22:02:52.464 INFO [main] org.apache.catalina.startup.VersionLoggerListener.log Command line argument: --add-opens=java.rmi/sun.rmi.transport=ALL-UNNAMED
20-Feb-2025 22:02:52.465 INFO [main] org.apache.catalina.startup.VersionLoggerListener.log Command line argument: -DENV=DEV
20-Feb-2025 22:02:52.465 INFO [main] org.apache.catalina.startup.VersionLoggerListener.log Command line argument: -Dcatalina.home=C:\Users\ASUS\apache-tomcat-10.1.36-windows-x64\apache-tomcat-10.1.36
20-Feb-2025 22:02:52.465 INFO [main] org.apache.catalina.startup.VersionLoggerListener.log Command line argument: -Dcatalina.base=C:\Users\ASUS\OneDrive\Desktop\Java-Basics\servlet\servlet
20-Feb-2025 22:02:52.466 INFO [main] org.apache.catalina.startup.VersionLoggerListener.log Command line argument: -Djava.io.tmpdir=C:\Users\ASUS\OneDrive\Desktop\Java-Basics\servlet\servlet\temp
20-Feb-2025 22:02:52.466 INFO [main] org.apache.catalina.startup.VersionLoggerListener.log Command line argument: -Djava.util.logging.config.file=C:\Users\ASUS\OneDrive\Desktop\Java-Basics\servlet\servlet\conf\logging.properties
20-Feb-2025 22:02:52.466 INFO [main] org.apache.catalina.startup.VersionLoggerListener.log Command line argument: -Djava.util.logging.manager=org.apache.juli.ClassLoaderLogManager
20-Feb-2025 22:02:52.466 INFO [main] org.apache.catalina.startup.VersionLoggerListener.log Command line argument: -javaagent:C:\Program Files\JetBrains\IntelliJ IDEA Community Edition 2024.3.2.1\lib\idea_rt.jar=62753:C:\Program Files\JetBrains\IntelliJ IDEA Community Edition 2024.3.2.1\bin
20-Feb-2025 22:02:52.467 INFO [main] org.apache.catalina.startup.VersionLoggerListener.log Command line argument: -Dfile.encoding=UTF-8
20-Feb-2025 22:02:52.467 INFO [main] org.apache.catalina.startup.VersionLoggerListener.log Command line argument: -Dsun.stdout.encoding=UTF-8
20-Feb-2025 22:02:52.467 INFO [main] org.apache.catalina.startup.VersionLoggerListener.log Command line argument: -Dsun.stderr.encoding=UTF-8
20-Feb-2025 22:02:52.472 INFO [main] org.apache.catalina.core.AprLifecycleListener.lifecycleEvent Loaded Apache Tomcat Native library [2.0.8] using APR version [1.7.4].
20-Feb-2025 22:02:52.483 INFO [main] org.apache.catalina.core.AprLifecycleListener.initializeSSL OpenSSL successfully initialized [OpenSSL 3.0.14 4 Jun 2024]
20-Feb-2025 22:02:52.503 INFO [Catalina-utility-1] org.apache.catalina.startup.HostConfig.undeploy Undeploying context []
20-Feb-2025 22:02:52.564 INFO [Catalina-utility-1] org.apache.catalina.startup.HostConfig.deployDescriptor Deploying deployment descriptor [C:\Users\ASUS\OneDrive\Desktop\Java-Basics\servlet\servlet\conf\Catalina\localhost\ROOT.xml]
20-Feb-2025 22:02:53.000 INFO [main] org.apache.coyote.AbstractProtocol.init Initializing ProtocolHandler ["http-nio-8080"]
20-Feb-2025 22:02:53.064 SEVERE [main] org.apache.catalina.util.LifecycleBase.handleSubClassException Failed to initialize component [Connector["http-nio-8080"]]
	org.apache.catalina.LifecycleException: Protocol handler initialization failed
		at org.apache.catalina.connector.Connector.initInternal(Connector.java:1051)
		at org.apache.catalina.util.LifecycleBase.init(LifecycleBase.java:122)
		at org.apache.catalina.core.StandardService.initInternal(StandardService.java:525)
		at org.apache.catalina.util.LifecycleBase.init(LifecycleBase.java:122)
		at org.apache.catalina.core.StandardServer.initInternal(StandardServer.java:957)
		at org.apache.catalina.util.LifecycleBase.init(LifecycleBase.java:122)
		at org.apache.catalina.startup.Catalina.load(Catalina.java:712)
		at org.apache.catalina.startup.Catalina.load(Catalina.java:735)
		at java.base/jdk.internal.reflect.DirectMethodHandleAccessor.invoke(DirectMethodHandleAccessor.java:104)
		at java.base/java.lang.reflect.Method.invoke(Method.java:577)
		at org.apache.catalina.startup.Bootstrap.load(Bootstrap.java:302)
		at org.apache.catalina.startup.Bootstrap.main(Bootstrap.java:472)
	Caused by: java.net.BindException: Address already in use: bind
		at java.base/sun.nio.ch.Net.bind0(Native Method)
		at java.base/sun.nio.ch.Net.bind(Net.java:555)
		at java.base/sun.nio.ch.ServerSocketChannelImpl.netBind(ServerSocketChannelImpl.java:337)
		at java.base/sun.nio.ch.ServerSocketChannelImpl.bind(ServerSocketChannelImpl.java:294)
		at org.apache.tomcat.util.net.NioEndpoint.initServerSocket(NioEndpoint.java:239)
		at org.apache.tomcat.util.net.NioEndpoint.bind(NioEndpoint.java:194)
		at org.apache.tomcat.util.net.AbstractEndpoint.bindWithCleanup(AbstractEndpoint.java:1304)
		at org.apache.tomcat.util.net.AbstractEndpoint.init(AbstractEndpoint.java:1317)
		at org.apache.coyote.AbstractProtocol.init(AbstractProtocol.java:633)
		at org.apache.coyote.http11.AbstractHttp11Protocol.init(AbstractHttp11Protocol.java:82)
		at org.apache.catalina.connector.Connector.initInternal(Connector.java:1049)
		... 11 more
20-Feb-2025 22:02:53.066 INFO [main] org.apache.catalina.startup.Catalina.load Server initialization in [1077] milliseconds
20-Feb-2025 22:02:53.198 INFO [main] org.apache.catalina.core.StandardService.startInternal Starting service [Catalina]
20-Feb-2025 22:02:53.198 INFO [main] org.apache.catalina.core.StandardEngine.startInternal Starting Servlet engine: [Apache Tomcat/10.1.36]
20-Feb-2025 22:02:53.260 INFO [main] org.apache.catalina.startup.HostConfig.deployDescriptor Deploying deployment descriptor [C:\Users\ASUS\OneDrive\Desktop\Java-Basics\servlet\servlet\conf\Catalina\localhost\ROOT.xml]
20-Feb-2025 22:02:56.134 INFO [main] org.apache.catalina.startup.HostConfig.deployDescriptor Deployment of deployment descriptor [C:\Users\ASUS\OneDrive\Desktop\Java-Basics\servlet\servlet\conf\Catalina\localhost\ROOT.xml] has finished in [2,874] ms
20-Feb-2025 22:02:56.145 INFO [main] org.apache.catalina.startup.Catalina.start Server startup in [3077] milliseconds
20-Feb-2025 22:02:56.158 SEVERE [main] org.apache.catalina.core.StandardServer.await Failed to create server shutdown socket on address [localhost] and port [8005] (base port [8005] and offset [0])
	java.net.BindException: Address already in use: bind
		at java.base/sun.nio.ch.Net.bind0(Native Method)
		at java.base/sun.nio.ch.Net.bind(Net.java:555)
		at java.base/sun.nio.ch.Net.bind(Net.java:544)
		at java.base/sun.nio.ch.NioSocketImpl.bind(NioSocketImpl.java:640)
		at java.base/java.net.ServerSocket.bind(ServerSocket.java:392)
		at java.base/java.net.ServerSocket.<init>(ServerSocket.java:274)
		at org.apache.catalina.core.StandardServer.await(StandardServer.java:533)
		at org.apache.catalina.startup.Catalina.await(Catalina.java:851)
		at org.apache.catalina.startup.Catalina.start(Catalina.java:799)
		at java.base/jdk.internal.reflect.DirectMethodHandleAccessor.invoke(DirectMethodHandleAccessor.java:104)
		at java.base/java.lang.reflect.Method.invoke(Method.java:577)
		at org.apache.catalina.startup.Bootstrap.start(Bootstrap.java:345)
		at org.apache.catalina.startup.Bootstrap.main(Bootstrap.java:473)
20-Feb-2025 22:02:56.160 INFO [main] org.apache.coyote.AbstractProtocol.pause Pausing ProtocolHandler ["http-nio-8080"]
20-Feb-2025 22:02:56.160 INFO [main] org.apache.catalina.core.StandardService.stopInternal Stopping service [Catalina]
20-Feb-2025 22:02:56.182 INFO [main] org.apache.coyote.AbstractProtocol.stop Stopping ProtocolHandler ["http-nio-8080"]
20-Feb-2025 22:02:56.188 INFO [main] org.apache.coyote.AbstractProtocol.destroy Destroying ProtocolHandler ["http-nio-8080"]
20-Feb-2025 22:02:56.898 INFO [Catalina-utility-1] org.apache.catalina.startup.HostConfig.deployDescriptor Deployment of deployment descriptor [C:\Users\ASUS\OneDrive\Desktop\Java-Basics\servlet\servlet\conf\Catalina\localhost\ROOT.xml] has finished in [4,333] ms
20-Feb-2025 22:02:59.580 INFO [Thread-1] org.apache.coyote.AbstractProtocol.pause Pausing ProtocolHandler ["http-nio-8080"]
20-Feb-2025 22:02:59.720 INFO [Thread-1] org.apache.catalina.core.StandardService.stopInternal Stopping service [Catalina]
20-Feb-2025 22:02:59.736 INFO [Thread-1] org.apache.coyote.AbstractProtocol.stop Stopping ProtocolHandler ["http-nio-8080"]
20-Feb-2025 22:02:59.757 INFO [Thread-1] org.apache.coyote.AbstractProtocol.destroy Destroying ProtocolHandler ["http-nio-8080"]
20-Feb-2025 22:05:10.517 INFO [main] org.apache.catalina.startup.VersionLoggerListener.log Server version name:   Apache Tomcat/10.1.36
20-Feb-2025 22:05:10.525 INFO [main] org.apache.catalina.startup.VersionLoggerListener.log Server built:          Feb 13 2025 13:13:30 UTC
20-Feb-2025 22:05:10.526 INFO [main] org.apache.catalina.startup.VersionLoggerListener.log Server version number: 10.1.36.0
20-Feb-2025 22:05:10.526 INFO [main] org.apache.catalina.startup.VersionLoggerListener.log OS Name:               Windows 11
20-Feb-2025 22:05:10.526 INFO [main] org.apache.catalina.startup.VersionLoggerListener.log OS Version:            10.0
20-Feb-2025 22:05:10.526 INFO [main] org.apache.catalina.startup.VersionLoggerListener.log Architecture:          amd64
20-Feb-2025 22:05:10.526 INFO [main] org.apache.catalina.startup.VersionLoggerListener.log Java Home:             C:\Program Files\Java\jdk-18.0.2.1
20-Feb-2025 22:05:10.526 INFO [main] org.apache.catalina.startup.VersionLoggerListener.log JVM Version:           18.0.2.1+1-1
20-Feb-2025 22:05:10.526 INFO [main] org.apache.catalina.startup.VersionLoggerListener.log JVM Vendor:            Oracle Corporation
20-Feb-2025 22:05:10.527 INFO [main] org.apache.catalina.startup.VersionLoggerListener.log CATALINA_BASE:         C:\Users\ASUS\OneDrive\Desktop\Java-Basics\servlet\servlet
20-Feb-2025 22:05:10.527 INFO [main] org.apache.catalina.startup.VersionLoggerListener.log CATALINA_HOME:         C:\Users\ASUS\apache-tomcat-10.1.36-windows-x64\apache-tomcat-10.1.36
20-Feb-2025 22:05:10.556 INFO [main] org.apache.catalina.startup.VersionLoggerListener.log Command line argument: --add-opens=java.base/java.lang=ALL-UNNAMED
20-Feb-2025 22:05:10.557 INFO [main] org.apache.catalina.startup.VersionLoggerListener.log Command line argument: --add-opens=java.base/java.io=ALL-UNNAMED
20-Feb-2025 22:05:10.557 INFO [main] org.apache.catalina.startup.VersionLoggerListener.log Command line argument: --add-opens=java.base/java.util=ALL-UNNAMED
20-Feb-2025 22:05:10.557 INFO [main] org.apache.catalina.startup.VersionLoggerListener.log Command line argument: --add-opens=java.base/java.util.concurrent=ALL-UNNAMED
20-Feb-2025 22:05:10.557 INFO [main] org.apache.catalina.startup.VersionLoggerListener.log Command line argument: --add-opens=java.rmi/sun.rmi.transport=ALL-UNNAMED
20-Feb-2025 22:05:10.557 INFO [main] org.apache.catalina.startup.VersionLoggerListener.log Command line argument: -DENV=DEV
20-Feb-2025 22:05:10.558 INFO [main] org.apache.catalina.startup.VersionLoggerListener.log Command line argument: -Dcatalina.home=C:\Users\ASUS\apache-tomcat-10.1.36-windows-x64\apache-tomcat-10.1.36
20-Feb-2025 22:05:10.558 INFO [main] org.apache.catalina.startup.VersionLoggerListener.log Command line argument: -Dcatalina.base=C:\Users\ASUS\OneDrive\Desktop\Java-Basics\servlet\servlet
20-Feb-2025 22:05:10.558 INFO [main] org.apache.catalina.startup.VersionLoggerListener.log Command line argument: -Djava.io.tmpdir=C:\Users\ASUS\OneDrive\Desktop\Java-Basics\servlet\servlet\temp
20-Feb-2025 22:05:10.558 INFO [main] org.apache.catalina.startup.VersionLoggerListener.log Command line argument: -Djava.util.logging.config.file=C:\Users\ASUS\OneDrive\Desktop\Java-Basics\servlet\servlet\conf\logging.properties
20-Feb-2025 22:05:10.558 INFO [main] org.apache.catalina.startup.VersionLoggerListener.log Command line argument: -Djava.util.logging.manager=org.apache.juli.ClassLoaderLogManager
20-Feb-2025 22:05:10.558 INFO [main] org.apache.catalina.startup.VersionLoggerListener.log Command line argument: -javaagent:C:\Program Files\JetBrains\IntelliJ IDEA Community Edition 2024.3.2.1\lib\idea_rt.jar=63195:C:\Program Files\JetBrains\IntelliJ IDEA Community Edition 2024.3.2.1\bin
20-Feb-2025 22:05:10.558 INFO [main] org.apache.catalina.startup.VersionLoggerListener.log Command line argument: -Dfile.encoding=UTF-8
20-Feb-2025 22:05:10.558 INFO [main] org.apache.catalina.startup.VersionLoggerListener.log Command line argument: -Dsun.stdout.encoding=UTF-8
20-Feb-2025 22:05:10.559 INFO [main] org.apache.catalina.startup.VersionLoggerListener.log Command line argument: -Dsun.stderr.encoding=UTF-8
20-Feb-2025 22:05:10.565 INFO [main] org.apache.catalina.core.AprLifecycleListener.lifecycleEvent Loaded Apache Tomcat Native library [2.0.8] using APR version [1.7.4].
20-Feb-2025 22:05:10.592 INFO [main] org.apache.catalina.core.AprLifecycleListener.initializeSSL OpenSSL successfully initialized [OpenSSL 3.0.14 4 Jun 2024]
20-Feb-2025 22:05:11.111 INFO [main] org.apache.coyote.AbstractProtocol.init Initializing ProtocolHandler ["http-nio-8080"]
20-Feb-2025 22:05:11.146 INFO [main] org.apache.catalina.startup.Catalina.load Server initialization in [1354] milliseconds
20-Feb-2025 22:05:11.225 INFO [main] org.apache.catalina.core.StandardService.startInternal Starting service [Catalina]
20-Feb-2025 22:05:11.225 INFO [main] org.apache.catalina.core.StandardEngine.startInternal Starting Servlet engine: [Apache Tomcat/10.1.36]
20-Feb-2025 22:05:11.244 INFO [main] org.apache.catalina.startup.HostConfig.deployDescriptor Deploying deployment descriptor [C:\Users\ASUS\OneDrive\Desktop\Java-Basics\servlet\servlet\conf\Catalina\localhost\ROOT.xml]
20-Feb-2025 22:05:12.072 INFO [main] org.apache.catalina.startup.HostConfig.deployDescriptor Deployment of deployment descriptor [C:\Users\ASUS\OneDrive\Desktop\Java-Basics\servlet\servlet\conf\Catalina\localhost\ROOT.xml] has finished in [828] ms
20-Feb-2025 22:05:12.080 INFO [main] org.apache.coyote.AbstractProtocol.start Starting ProtocolHandler ["http-nio-8080"]
20-Feb-2025 22:05:12.151 INFO [main] org.apache.catalina.startup.Catalina.start Server startup in [1003] milliseconds
20-Feb-2025 22:05:18.950 INFO [Thread-1] org.apache.coyote.AbstractProtocol.pause Pausing ProtocolHandler ["http-nio-8080"]
20-Feb-2025 22:05:19.173 INFO [Thread-1] org.apache.catalina.core.StandardService.stopInternal Stopping service [Catalina]
20-Feb-2025 22:05:19.232 INFO [Thread-1] org.apache.coyote.AbstractProtocol.stop Stopping ProtocolHandler ["http-nio-8080"]
20-Feb-2025 22:05:19.254 INFO [Thread-1] org.apache.coyote.AbstractProtocol.destroy Destroying ProtocolHandler ["http-nio-8080"]
20-Feb-2025 22:07:27.190 INFO [main] org.apache.catalina.startup.VersionLoggerListener.log Server version name:   Apache Tomcat/10.1.36
20-Feb-2025 22:07:27.199 INFO [main] org.apache.catalina.startup.VersionLoggerListener.log Server built:          Feb 13 2025 13:13:30 UTC
20-Feb-2025 22:07:27.199 INFO [main] org.apache.catalina.startup.VersionLoggerListener.log Server version number: 10.1.36.0
20-Feb-2025 22:07:27.199 INFO [main] org.apache.catalina.startup.VersionLoggerListener.log OS Name:               Windows 11
20-Feb-2025 22:07:27.200 INFO [main] org.apache.catalina.startup.VersionLoggerListener.log OS Version:            10.0
20-Feb-2025 22:07:27.200 INFO [main] org.apache.catalina.startup.VersionLoggerListener.log Architecture:          amd64
20-Feb-2025 22:07:27.200 INFO [main] org.apache.catalina.startup.VersionLoggerListener.log Java Home:             C:\Program Files\Java\jdk-18.0.2.1
20-Feb-2025 22:07:27.200 INFO [main] org.apache.catalina.startup.VersionLoggerListener.log JVM Version:           18.0.2.1+1-1
20-Feb-2025 22:07:27.200 INFO [main] org.apache.catalina.startup.VersionLoggerListener.log JVM Vendor:            Oracle Corporation
20-Feb-2025 22:07:27.201 INFO [main] org.apache.catalina.startup.VersionLoggerListener.log CATALINA_BASE:         C:\Users\ASUS\OneDrive\Desktop\Java-Basics\servlet\servlet
20-Feb-2025 22:07:27.201 INFO [main] org.apache.catalina.startup.VersionLoggerListener.log CATALINA_HOME:         C:\Users\ASUS\apache-tomcat-10.1.36-windows-x64\apache-tomcat-10.1.36
20-Feb-2025 22:07:27.239 INFO [main] org.apache.catalina.startup.VersionLoggerListener.log Command line argument: --add-opens=java.base/java.lang=ALL-UNNAMED
20-Feb-2025 22:07:27.240 INFO [main] org.apache.catalina.startup.VersionLoggerListener.log Command line argument: --add-opens=java.base/java.io=ALL-UNNAMED
20-Feb-2025 22:07:27.241 INFO [main] org.apache.catalina.startup.VersionLoggerListener.log Command line argument: --add-opens=java.base/java.util=ALL-UNNAMED
20-Feb-2025 22:07:27.241 INFO [main] org.apache.catalina.startup.VersionLoggerListener.log Command line argument: --add-opens=java.base/java.util.concurrent=ALL-UNNAMED
20-Feb-2025 22:07:27.241 INFO [main] org.apache.catalina.startup.VersionLoggerListener.log Command line argument: --add-opens=java.rmi/sun.rmi.transport=ALL-UNNAMED
20-Feb-2025 22:07:27.241 INFO [main] org.apache.catalina.startup.VersionLoggerListener.log Command line argument: -DENV=DEV
20-Feb-2025 22:07:27.241 INFO [main] org.apache.catalina.startup.VersionLoggerListener.log Command line argument: -Dcatalina.home=C:\Users\ASUS\apache-tomcat-10.1.36-windows-x64\apache-tomcat-10.1.36
20-Feb-2025 22:07:27.241 INFO [main] org.apache.catalina.startup.VersionLoggerListener.log Command line argument: -Dcatalina.base=C:\Users\ASUS\OneDrive\Desktop\Java-Basics\servlet\servlet
20-Feb-2025 22:07:27.241 INFO [main] org.apache.catalina.startup.VersionLoggerListener.log Command line argument: -Djava.io.tmpdir=C:\Users\ASUS\OneDrive\Desktop\Java-Basics\servlet\servlet\temp
20-Feb-2025 22:07:27.241 INFO [main] org.apache.catalina.startup.VersionLoggerListener.log Command line argument: -Djava.util.logging.config.file=C:\Users\ASUS\OneDrive\Desktop\Java-Basics\servlet\servlet\conf\logging.properties
20-Feb-2025 22:07:27.242 INFO [main] org.apache.catalina.startup.VersionLoggerListener.log Command line argument: -Djava.util.logging.manager=org.apache.juli.ClassLoaderLogManager
20-Feb-2025 22:07:27.242 INFO [main] org.apache.catalina.startup.VersionLoggerListener.log Command line argument: -javaagent:C:\Program Files\JetBrains\IntelliJ IDEA Community Edition 2024.3.2.1\lib\idea_rt.jar=63603:C:\Program Files\JetBrains\IntelliJ IDEA Community Edition 2024.3.2.1\bin
20-Feb-2025 22:07:27.242 INFO [main] org.apache.catalina.startup.VersionLoggerListener.log Command line argument: -Dfile.encoding=UTF-8
20-Feb-2025 22:07:27.242 INFO [main] org.apache.catalina.startup.VersionLoggerListener.log Command line argument: -Dsun.stdout.encoding=UTF-8
20-Feb-2025 22:07:27.243 INFO [main] org.apache.catalina.startup.VersionLoggerListener.log Command line argument: -Dsun.stderr.encoding=UTF-8
20-Feb-2025 22:07:27.252 INFO [main] org.apache.catalina.core.AprLifecycleListener.lifecycleEvent Loaded Apache Tomcat Native library [2.0.8] using APR version [1.7.4].
20-Feb-2025 22:07:27.294 INFO [main] org.apache.catalina.core.AprLifecycleListener.initializeSSL OpenSSL successfully initialized [OpenSSL 3.0.14 4 Jun 2024]
20-Feb-2025 22:07:28.000 INFO [main] org.apache.coyote.AbstractProtocol.init Initializing ProtocolHandler ["http-nio-8080"]
20-Feb-2025 22:07:28.043 INFO [main] org.apache.catalina.startup.Catalina.load Server initialization in [1373] milliseconds
20-Feb-2025 22:07:28.126 INFO [main] org.apache.catalina.core.StandardService.startInternal Starting service [Catalina]
20-Feb-2025 22:07:28.126 INFO [main] org.apache.catalina.core.StandardEngine.startInternal Starting Servlet engine: [Apache Tomcat/10.1.36]
20-Feb-2025 22:07:28.144 INFO [main] org.apache.catalina.startup.HostConfig.deployDescriptor Deploying deployment descriptor [C:\Users\ASUS\OneDrive\Desktop\Java-Basics\servlet\servlet\conf\Catalina\localhost\ROOT.xml]
20-Feb-2025 22:07:29.090 INFO [main] org.apache.catalina.startup.HostConfig.deployDescriptor Deployment of deployment descriptor [C:\Users\ASUS\OneDrive\Desktop\Java-Basics\servlet\servlet\conf\Catalina\localhost\ROOT.xml] has finished in [945] ms
20-Feb-2025 22:07:29.097 INFO [main] org.apache.coyote.AbstractProtocol.start Starting ProtocolHandler ["http-nio-8080"]
20-Feb-2025 22:07:29.177 INFO [main] org.apache.catalina.startup.Catalina.start Server startup in [1131] milliseconds
20-Feb-2025 22:09:05.576 INFO [Thread-1] org.apache.coyote.AbstractProtocol.pause Pausing ProtocolHandler ["http-nio-8080"]
20-Feb-2025 22:09:05.739 INFO [Thread-1] org.apache.catalina.core.StandardService.stopInternal Stopping service [Catalina]
20-Feb-2025 22:09:05.936 INFO [Thread-1] org.apache.coyote.AbstractProtocol.stop Stopping ProtocolHandler ["http-nio-8080"]
20-Feb-2025 22:09:05.970 INFO [Thread-1] org.apache.coyote.AbstractProtocol.destroy Destroying ProtocolHandler ["http-nio-8080"]
20-Feb-2025 22:11:24.252 INFO [main] org.apache.catalina.startup.VersionLoggerListener.log Server version name:   Apache Tomcat/10.1.36
20-Feb-2025 22:11:24.264 INFO [main] org.apache.catalina.startup.VersionLoggerListener.log Server built:          Feb 13 2025 13:13:30 UTC
20-Feb-2025 22:11:24.265 INFO [main] org.apache.catalina.startup.VersionLoggerListener.log Server version number: 10.1.36.0
20-Feb-2025 22:11:24.265 INFO [main] org.apache.catalina.startup.VersionLoggerListener.log OS Name:               Windows 11
20-Feb-2025 22:11:24.265 INFO [main] org.apache.catalina.startup.VersionLoggerListener.log OS Version:            10.0
20-Feb-2025 22:11:24.265 INFO [main] org.apache.catalina.startup.VersionLoggerListener.log Architecture:          amd64
20-Feb-2025 22:11:24.265 INFO [main] org.apache.catalina.startup.VersionLoggerListener.log Java Home:             C:\Program Files\Java\jdk-18.0.2.1
20-Feb-2025 22:11:24.266 INFO [main] org.apache.catalina.startup.VersionLoggerListener.log JVM Version:           18.0.2.1+1-1
20-Feb-2025 22:11:24.266 INFO [main] org.apache.catalina.startup.VersionLoggerListener.log JVM Vendor:            Oracle Corporation
20-Feb-2025 22:11:24.269 INFO [main] org.apache.catalina.startup.VersionLoggerListener.log CATALINA_BASE:         C:\Users\ASUS\OneDrive\Desktop\Java-Basics\servlet\servlet
20-Feb-2025 22:11:24.269 INFO [main] org.apache.catalina.startup.VersionLoggerListener.log CATALINA_HOME:         C:\Users\ASUS\apache-tomcat-10.1.36-windows-x64\apache-tomcat-10.1.36
20-Feb-2025 22:11:24.287 INFO [main] org.apache.catalina.startup.VersionLoggerListener.log Command line argument: --add-opens=java.base/java.lang=ALL-UNNAMED
20-Feb-2025 22:11:24.288 INFO [main] org.apache.catalina.startup.VersionLoggerListener.log Command line argument: --add-opens=java.base/java.io=ALL-UNNAMED
20-Feb-2025 22:11:24.288 INFO [main] org.apache.catalina.startup.VersionLoggerListener.log Command line argument: --add-opens=java.base/java.util=ALL-UNNAMED
20-Feb-2025 22:11:24.288 INFO [main] org.apache.catalina.startup.VersionLoggerListener.log Command line argument: --add-opens=java.base/java.util.concurrent=ALL-UNNAMED
20-Feb-2025 22:11:24.289 INFO [main] org.apache.catalina.startup.VersionLoggerListener.log Command line argument: --add-opens=java.rmi/sun.rmi.transport=ALL-UNNAMED
20-Feb-2025 22:11:24.289 INFO [main] org.apache.catalina.startup.VersionLoggerListener.log Command line argument: -DENV=DEV
20-Feb-2025 22:11:24.289 INFO [main] org.apache.catalina.startup.VersionLoggerListener.log Command line argument: -Dcatalina.home=C:\Users\ASUS\apache-tomcat-10.1.36-windows-x64\apache-tomcat-10.1.36
20-Feb-2025 22:11:24.289 INFO [main] org.apache.catalina.startup.VersionLoggerListener.log Command line argument: -Dcatalina.base=C:\Users\ASUS\OneDrive\Desktop\Java-Basics\servlet\servlet
20-Feb-2025 22:11:24.290 INFO [main] org.apache.catalina.startup.VersionLoggerListener.log Command line argument: -Djava.io.tmpdir=C:\Users\ASUS\OneDrive\Desktop\Java-Basics\servlet\servlet\temp
20-Feb-2025 22:11:24.290 INFO [main] org.apache.catalina.startup.VersionLoggerListener.log Command line argument: -Djava.util.logging.config.file=C:\Users\ASUS\OneDrive\Desktop\Java-Basics\servlet\servlet\conf\logging.properties
20-Feb-2025 22:11:24.291 INFO [main] org.apache.catalina.startup.VersionLoggerListener.log Command line argument: -Djava.util.logging.manager=org.apache.juli.ClassLoaderLogManager
20-Feb-2025 22:11:24.291 INFO [main] org.apache.catalina.startup.VersionLoggerListener.log Command line argument: -javaagent:C:\Program Files\JetBrains\IntelliJ IDEA Community Edition 2024.3.2.1\lib\idea_rt.jar=64465:C:\Program Files\JetBrains\IntelliJ IDEA Community Edition 2024.3.2.1\bin
20-Feb-2025 22:11:24.291 INFO [main] org.apache.catalina.startup.VersionLoggerListener.log Command line argument: -Dfile.encoding=UTF-8
20-Feb-2025 22:11:24.292 INFO [main] org.apache.catalina.startup.VersionLoggerListener.log Command line argument: -Dsun.stdout.encoding=UTF-8
20-Feb-2025 22:11:24.292 INFO [main] org.apache.catalina.startup.VersionLoggerListener.log Command line argument: -Dsun.stderr.encoding=UTF-8
20-Feb-2025 22:11:24.299 INFO [main] org.apache.catalina.core.AprLifecycleListener.lifecycleEvent Loaded Apache Tomcat Native library [2.0.8] using APR version [1.7.4].
20-Feb-2025 22:11:24.326 INFO [main] org.apache.catalina.core.AprLifecycleListener.initializeSSL OpenSSL successfully initialized [OpenSSL 3.0.14 4 Jun 2024]
20-Feb-2025 22:11:24.923 INFO [main] org.apache.coyote.AbstractProtocol.init Initializing ProtocolHandler ["http-nio-8080"]
20-Feb-2025 22:11:24.960 INFO [main] org.apache.catalina.startup.Catalina.load Server initialization in [1157] milliseconds
20-Feb-2025 22:11:25.078 INFO [main] org.apache.catalina.core.StandardService.startInternal Starting service [Catalina]
20-Feb-2025 22:11:25.079 INFO [main] org.apache.catalina.core.StandardEngine.startInternal Starting Servlet engine: [Apache Tomcat/10.1.36]
20-Feb-2025 22:11:25.101 INFO [main] org.apache.catalina.startup.HostConfig.deployDescriptor Deploying deployment descriptor [C:\Users\ASUS\OneDrive\Desktop\Java-Basics\servlet\servlet\conf\Catalina\localhost\ROOT.xml]
20-Feb-2025 22:11:25.965 INFO [main] org.apache.catalina.startup.HostConfig.deployDescriptor Deployment of deployment descriptor [C:\Users\ASUS\OneDrive\Desktop\Java-Basics\servlet\servlet\conf\Catalina\localhost\ROOT.xml] has finished in [863] ms
20-Feb-2025 22:11:25.974 INFO [main] org.apache.coyote.AbstractProtocol.start Starting ProtocolHandler ["http-nio-8080"]
20-Feb-2025 22:11:26.086 INFO [main] org.apache.catalina.startup.Catalina.start Server startup in [1124] milliseconds
20-Feb-2025 22:13:19.925 INFO [Thread-1] org.apache.coyote.AbstractProtocol.pause Pausing ProtocolHandler ["http-nio-8080"]
20-Feb-2025 22:13:20.042 INFO [Thread-1] org.apache.catalina.core.StandardService.stopInternal Stopping service [Catalina]
20-Feb-2025 22:13:20.110 INFO [Thread-1] org.apache.coyote.AbstractProtocol.stop Stopping ProtocolHandler ["http-nio-8080"]
20-Feb-2025 22:13:20.135 INFO [Thread-1] org.apache.coyote.AbstractProtocol.destroy Destroying ProtocolHandler ["http-nio-8080"]
20-Feb-2025 22:14:45.470 INFO [main] org.apache.catalina.startup.VersionLoggerListener.log Server version name:   Apache Tomcat/10.1.36
20-Feb-2025 22:14:45.478 INFO [main] org.apache.catalina.startup.VersionLoggerListener.log Server built:          Feb 13 2025 13:13:30 UTC
20-Feb-2025 22:14:45.479 INFO [main] org.apache.catalina.startup.VersionLoggerListener.log Server version number: 10.1.36.0
20-Feb-2025 22:14:45.480 INFO [main] org.apache.catalina.startup.VersionLoggerListener.log OS Name:               Windows 11
20-Feb-2025 22:14:45.480 INFO [main] org.apache.catalina.startup.VersionLoggerListener.log OS Version:            10.0
20-Feb-2025 22:14:45.480 INFO [main] org.apache.catalina.startup.VersionLoggerListener.log Architecture:          amd64
20-Feb-2025 22:14:45.480 INFO [main] org.apache.catalina.startup.VersionLoggerListener.log Java Home:             C:\Program Files\Java\jdk-18.0.2.1
20-Feb-2025 22:14:45.480 INFO [main] org.apache.catalina.startup.VersionLoggerListener.log JVM Version:           18.0.2.1+1-1
20-Feb-2025 22:14:45.480 INFO [main] org.apache.catalina.startup.VersionLoggerListener.log JVM Vendor:            Oracle Corporation
20-Feb-2025 22:14:45.482 INFO [main] org.apache.catalina.startup.VersionLoggerListener.log CATALINA_BASE:         C:\Users\ASUS\OneDrive\Desktop\Java-Basics\servlet\servlet
20-Feb-2025 22:14:45.482 INFO [main] org.apache.catalina.startup.VersionLoggerListener.log CATALINA_HOME:         C:\Users\ASUS\apache-tomcat-10.1.36-windows-x64\apache-tomcat-10.1.36
20-Feb-2025 22:14:45.515 INFO [main] org.apache.catalina.startup.VersionLoggerListener.log Command line argument: --add-opens=java.base/java.lang=ALL-UNNAMED
20-Feb-2025 22:14:45.516 INFO [main] org.apache.catalina.startup.VersionLoggerListener.log Command line argument: --add-opens=java.base/java.io=ALL-UNNAMED
20-Feb-2025 22:14:45.517 INFO [main] org.apache.catalina.startup.VersionLoggerListener.log Command line argument: --add-opens=java.base/java.util=ALL-UNNAMED
20-Feb-2025 22:14:45.517 INFO [main] org.apache.catalina.startup.VersionLoggerListener.log Command line argument: --add-opens=java.base/java.util.concurrent=ALL-UNNAMED
20-Feb-2025 22:14:45.517 INFO [main] org.apache.catalina.startup.VersionLoggerListener.log Command line argument: --add-opens=java.rmi/sun.rmi.transport=ALL-UNNAMED
20-Feb-2025 22:14:45.517 INFO [main] org.apache.catalina.startup.VersionLoggerListener.log Command line argument: -DENV=DEV
20-Feb-2025 22:14:45.517 INFO [main] org.apache.catalina.startup.VersionLoggerListener.log Command line argument: -Dcatalina.home=C:\Users\ASUS\apache-tomcat-10.1.36-windows-x64\apache-tomcat-10.1.36
20-Feb-2025 22:14:45.518 INFO [main] org.apache.catalina.startup.VersionLoggerListener.log Command line argument: -Dcatalina.base=C:\Users\ASUS\OneDrive\Desktop\Java-Basics\servlet\servlet
20-Feb-2025 22:14:45.518 INFO [main] org.apache.catalina.startup.VersionLoggerListener.log Command line argument: -Djava.io.tmpdir=C:\Users\ASUS\OneDrive\Desktop\Java-Basics\servlet\servlet\temp
20-Feb-2025 22:14:45.518 INFO [main] org.apache.catalina.startup.VersionLoggerListener.log Command line argument: -Djava.util.logging.config.file=C:\Users\ASUS\OneDrive\Desktop\Java-Basics\servlet\servlet\conf\logging.properties
20-Feb-2025 22:14:45.518 INFO [main] org.apache.catalina.startup.VersionLoggerListener.log Command line argument: -Djava.util.logging.manager=org.apache.juli.ClassLoaderLogManager
20-Feb-2025 22:14:45.519 INFO [main] org.apache.catalina.startup.VersionLoggerListener.log Command line argument: -javaagent:C:\Program Files\JetBrains\IntelliJ IDEA Community Edition 2024.3.2.1\lib\idea_rt.jar=65152:C:\Program Files\JetBrains\IntelliJ IDEA Community Edition 2024.3.2.1\bin
20-Feb-2025 22:14:45.519 INFO [main] org.apache.catalina.startup.VersionLoggerListener.log Command line argument: -Dfile.encoding=UTF-8
20-Feb-2025 22:14:45.519 INFO [main] org.apache.catalina.startup.VersionLoggerListener.log Command line argument: -Dsun.stdout.encoding=UTF-8
20-Feb-2025 22:14:45.519 INFO [main] org.apache.catalina.startup.VersionLoggerListener.log Command line argument: -Dsun.stderr.encoding=UTF-8
20-Feb-2025 22:14:45.527 INFO [main] org.apache.catalina.core.AprLifecycleListener.lifecycleEvent Loaded Apache Tomcat Native library [2.0.8] using APR version [1.7.4].
20-Feb-2025 22:14:45.558 INFO [main] org.apache.catalina.core.AprLifecycleListener.initializeSSL OpenSSL successfully initialized [OpenSSL 3.0.14 4 Jun 2024]
20-Feb-2025 22:14:46.602 INFO [main] org.apache.coyote.AbstractProtocol.init Initializing ProtocolHandler ["http-nio-8080"]
20-Feb-2025 22:14:46.756 INFO [main] org.apache.catalina.startup.Catalina.load Server initialization in [1811] milliseconds
20-Feb-2025 22:14:46.893 INFO [main] org.apache.catalina.core.StandardService.startInternal Starting service [Catalina]
20-Feb-2025 22:14:46.893 INFO [main] org.apache.catalina.core.StandardEngine.startInternal Starting Servlet engine: [Apache Tomcat/10.1.36]
20-Feb-2025 22:14:46.924 INFO [main] org.apache.catalina.startup.HostConfig.deployDescriptor Deploying deployment descriptor [C:\Users\ASUS\OneDrive\Desktop\Java-Basics\servlet\servlet\conf\Catalina\localhost\ROOT.xml]
20-Feb-2025 22:14:48.276 INFO [main] org.apache.catalina.startup.HostConfig.deployDescriptor Deployment of deployment descriptor [C:\Users\ASUS\OneDrive\Desktop\Java-Basics\servlet\servlet\conf\Catalina\localhost\ROOT.xml] has finished in [1,354] ms
20-Feb-2025 22:14:48.293 INFO [main] org.apache.coyote.AbstractProtocol.start Starting ProtocolHandler ["http-nio-8080"]
20-Feb-2025 22:14:48.365 INFO [main] org.apache.catalina.startup.Catalina.start Server startup in [1588] milliseconds
